// Jest Snapshot v1, https://goo.gl/fbAQLP

exports[`CustomersPage tests should render the component 1`] = `
<div>
  <h1>
    Customers 
    <new customer />
  </h1>
</div>
`;
