// Jest Snapshot v1, https://goo.gl/fbAQLP

exports[`NewCustomer tests should render properly 1`] = `
<span>
  <span
    className="new-icon icon new-customer glyphicon glyphicon-plus-sign"
    onClick={[Function]}
  />
</span>
`;
