// Jest Snapshot v1, https://goo.gl/fbAQLP

exports[`InvoicesPage tests should render the component 1`] = `
<div>
  <h1>
    Invoices
  </h1>
</div>
`;
